// Jest Snapshot v1, https://goo.gl/fbAQLP

exports[`ScrollTop should render its children 1`] = `
<ContextConsumer>
  <Component />
</ContextConsumer>
`;
