// Jest Snapshot v1, https://goo.gl/fbAQLP

exports[`Space should render the component 1`] = `
<span>
    
</span>
`;
