// Jest Snapshot v1, https://goo.gl/fbAQLP

exports[`Landing should render a valid screen 1`] = `<div />`;
